// Jest Snapshot v1, https://goo.gl/fbAQLP

exports[`babel typescript test typescript transpilation 1`] = `
"\\"use strict\\";

exports.__esModule = true;
exports.default = void 0;

class Cls {
  #initialized = false;

  constructor() {
    this.#initialized = true;
  }

}

;
var _default = Cls;
exports.default = _default;
module.exports = exports.default;"
`;
